<?xml version="1.0" encoding="utf-8"?>
<LinearLayout xmlns:android="http://schemas.android.com/apk/res/android"
    xmlns:app="http://schemas.android.com/apk/res-auto"
    xmlns:tools="http://schemas.android.com/tools"
    android:layout_width="wrap_content"
    android:layout_height="wrap_content"
    android:layout_marginTop="5dp"
    android:gravity="center"
    android:orientation="horizontal">

    <androidx.appcompat.widget.AppCompatImageView
        android:id="@+id/iv_expected_ic"
        android:layout_width="23dp"
        android:layout_height="23dp"
        app:srcCompat="@drawable/ic_lesson_expected_dialoges" />

    <TextView
        android:id="@+id/tv_lesson_expected"
        android:layout_width="wrap_content"
        android:layout_height="wrap_content"
        android:layout_marginStart="6dp"
        android:textColor="@color/tundora"
        android:textSize="16sp"
        tools:text="Dialoges" />

</LinearLayout>